// Jest Snapshot v1, https://goo.gl/fbAQLP

exports[`App component tests renders application correctly 1`] = `
ShallowWrapper {
  Symbol(enzyme.__root__): [Circular],
  Symbol(enzyme.__unrendered__): <App />,
  Symbol(enzyme.__renderer__): Object {
    "batchedUpdates": [Function],
    "getNode": [Function],
    "render": [Function],
    "simulateError": [Function],
    "simulateEvent": [Function],
    "unmount": [Function],
  },
  Symbol(enzyme.__node__): Object {
    "instance": null,
    "key": undefined,
    "nodeType": "function",
    "props": Object {
      "children": Array [
        <Route
          component={[Function]}
          exact={true}
          path="/"
        />,
        <ToastContainer
          autoClose={5000}
          bodyClassName={null}
          className={null}
          closeButton={
            <CloseButton
              ariaLabel="close"
            />
          }
          closeOnClick={true}
          draggable={true}
          draggablePercent={80}
          hideProgressBar={false}
          newestOnTop={false}
          pauseOnFocusLoss={true}
          pauseOnHover={true}
          position="top-right"
          progressClassName={null}
          progressStyle={null}
          rtl={false}
          style={null}
          toastClassName={null}
          transition={[Function]}
        />,
      ],
    },
    "ref": null,
    "rendered": Array [
      Object {
        "instance": null,
        "key": undefined,
        "nodeType": "function",
        "props": Object {
          "component": [Function],
          "exact": true,
          "path": "/",
        },
        "ref": null,
        "rendered": null,
        "type": [Function],
      },
      Object {
        "instance": null,
        "key": undefined,
        "nodeType": "class",
        "props": Object {
          "autoClose": 5000,
          "bodyClassName": null,
          "className": null,
          "closeButton": <CloseButton
            ariaLabel="close"
          />,
          "closeOnClick": true,
          "draggable": true,
          "draggablePercent": 80,
          "hideProgressBar": false,
          "newestOnTop": false,
          "pauseOnFocusLoss": true,
          "pauseOnHover": true,
          "position": "top-right",
          "progressClassName": null,
          "progressStyle": null,
          "rtl": false,
          "style": null,
          "toastClassName": null,
          "transition": [Function],
        },
        "ref": null,
        "rendered": null,
        "type": [Function],
      },
    ],
    "type": [Function],
  },
  Symbol(enzyme.__nodes__): Array [
    Object {
      "instance": null,
      "key": undefined,
      "nodeType": "function",
      "props": Object {
        "children": Array [
          <Route
            component={[Function]}
            exact={true}
            path="/"
          />,
          <ToastContainer
            autoClose={5000}
            bodyClassName={null}
            className={null}
            closeButton={
              <CloseButton
                ariaLabel="close"
              />
            }
            closeOnClick={true}
            draggable={true}
            draggablePercent={80}
            hideProgressBar={false}
            newestOnTop={false}
            pauseOnFocusLoss={true}
            pauseOnHover={true}
            position="top-right"
            progressClassName={null}
            progressStyle={null}
            rtl={false}
            style={null}
            toastClassName={null}
            transition={[Function]}
          />,
        ],
      },
      "ref": null,
      "rendered": Array [
        Object {
          "instance": null,
          "key": undefined,
          "nodeType": "function",
          "props": Object {
            "component": [Function],
            "exact": true,
            "path": "/",
          },
          "ref": null,
          "rendered": null,
          "type": [Function],
        },
        Object {
          "instance": null,
          "key": undefined,
          "nodeType": "class",
          "props": Object {
            "autoClose": 5000,
            "bodyClassName": null,
            "className": null,
            "closeButton": <CloseButton
              ariaLabel="close"
            />,
            "closeOnClick": true,
            "draggable": true,
            "draggablePercent": 80,
            "hideProgressBar": false,
            "newestOnTop": false,
            "pauseOnFocusLoss": true,
            "pauseOnHover": true,
            "position": "top-right",
            "progressClassName": null,
            "progressStyle": null,
            "rtl": false,
            "style": null,
            "toastClassName": null,
            "transition": [Function],
          },
          "ref": null,
          "rendered": null,
          "type": [Function],
        },
      ],
      "type": [Function],
    },
  ],
  Symbol(enzyme.__options__): Object {
    "adapter": ReactSixteenAdapter {
      "options": Object {
        "enableComponentDidUpdateOnSetState": true,
        "lifecycles": Object {
          "componentDidUpdate": Object {
            "onSetState": true,
          },
          "getDerivedStateFromProps": true,
          "getSnapshotBeforeUpdate": true,
          "setState": Object {
            "skipsComponentDidUpdateOnNullish": true,
          },
        },
      },
    },
  },
}
`;
